Type-safe project accessors is an incubating feature.
> Task :app:checkKotlinGradlePluginConfigurationErrors SKIPPED
> Task :app:preBuild UP-TO-DATE
> Task :app:preDebugBuild UP-TO-DATE
> Task :app:generateDebugBuildConfig UP-TO-DATE
> Task :app:checkDebugAarMetadata UP-TO-DATE
> Task :app:generateDebugResValues UP-TO-DATE
> Task :app:injectCrashlyticsMappingFileIdDebug UP-TO-DATE
> Task :app:processDebugGoogleServices UP-TO-DATE
> Task :app:mapDebugSourceSetPaths UP-TO-DATE
> Task :app:generateDebugResources UP-TO-DATE
> Task :app:mergeDebugResources UP-TO-DATE
> Task :app:packageDebugResources UP-TO-DATE
> Task :app:parseDebugLocalResources UP-TO-DATE
> Task :app:createDebugCompatibleScreenManifests UP-TO-DATE
> Task :app:extractDeepLinksDebug UP-TO-DATE
> Task :app:processDebugMainManifest
> Task :app:processDebugManifest
> Task :app:processDebugManifestForPackage
> Task :app:processDebugResources
> Task :app:kspDebugKotlin
w: [ksp] D:/Code/Android/Kotlin/DATN/app/src/main/java/com/example/datn/data/local/dao/ConversationDao.kt:147:  com.example.datn.data.local.dao.ConversationWithListDetails has some fields [participantNames] which are not returned by the query. If they are not supposed to be read from the result, you can mark them with @Ignore annotation. You can suppress this warning by annotating the method with @SuppressWarnings(RoomWarnings.CURSOR_MISMATCH). Columns returned by the query: conversationId, type, lastMessageAt, title, lastViewedAt, lastMessage, isMuted, participantUserId, participantName, unreadCount.
w: [ksp] D:/Code/Android/Kotlin/DATN/app/src/main/java/com/example/datn/data/local/dao/ConversationDao.kt:194:  com.example.datn.data.local.dao.ConversationWithListDetails has some fields [participantNames] which are not returned by the query. If they are not supposed to be read from the result, you can mark them with @Ignore annotation. You can suppress this warning by annotating the method with @SuppressWarnings(RoomWarnings.CURSOR_MISMATCH). Columns returned by the query: conversationId, type, lastMessageAt, title, lastViewedAt, lastMessage, isMuted, participantUserId, participantName, unreadCount.
w: [ksp] D:/Code/Android/Kotlin/DATN/app/src/main/java/com/example/datn/data/local/dao/ConversationDao.kt:282:  com.example.datn.data.local.dao.ConversationWithListDetails has some fields [participantNames] which are not returned by the query. If they are not supposed to be read from the result, you can mark them with @Ignore annotation. You can suppress this warning by annotating the method with @SuppressWarnings(RoomWarnings.CURSOR_MISMATCH). Columns returned by the query: conversationId, type, lastMessageAt, title, lastViewedAt, lastMessage, isMuted, participantUserId, participantName, unreadCount.
w: [ksp] D:/Code/Android/Kotlin/DATN/app/src/main/java/com/example/datn/data/local/dao/ConversationDao.kt:333:  com.example.datn.data.local.dao.ConversationWithListDetails has some fields [participantNames] which are not returned by the query. If they are not supposed to be read from the result, you can mark them with @Ignore annotation. You can suppress this warning by annotating the method with @SuppressWarnings(RoomWarnings.CURSOR_MISMATCH). Columns returned by the query: conversationId, type, lastMessageAt, title, lastViewedAt, lastMessage, isMuted, participantUserId, participantName, unreadCount.
w: [ksp] D:/Code/Android/Kotlin/DATN/app/src/main/java/com/example/datn/data/local/dao/ConversationDao.kt:383:  com.example.datn.data.local.dao.ConversationWithListDetails has some fields [participantNames] which are not returned by the query. If they are not supposed to be read from the result, you can mark them with @Ignore annotation. You can suppress this warning by annotating the method with @SuppressWarnings(RoomWarnings.CURSOR_MISMATCH). Columns returned by the query: conversationId, type, lastMessageAt, title, lastViewedAt, lastMessage, isMuted, participantUserId, participantName, unreadCount.
./gradlew : e: [ksp] InjectProcessingStep was unable to process 'StudentDetailViewModel(com.example.
datn.domain.usecase.parentstudent.ParentStudentUseCases,com.example.datn.domain.usecase.auth.AuthUse
Cases,com.example.datn.domain.usecase.progress.GetStudentDashboardUseCase,com.example.datn.domain.us
ecase.progress.GetStudyTimeStatisticsUseCase,GetStudentAllLessonProgressUseCase)' because 
'GetStudentAllLessonProgressUseCase' could not be resolved.
At line:1 char:1
+ ./gradlew kspDebugKotlin 2>&1 | Tee-Object -FilePath "build_error.log ...
+ ~~~~~~~~~~~~~~~~~~~~~~~~~~~~~
    + CategoryInfo          : NotSpecified: (e: [ksp] Inject...ot be resolved.:String) [], RemoteEx 
   ception
    + FullyQualifiedErrorId : NativeCommandError
 

Dependency trace:
    => element (CLASS): com.example.datn.presentation.parent.studentprofile.StudentDetailViewModel
    => element (CONSTRUCTOR): StudentDetailViewModel(com.example.datn.domain.usecase.parentstudent.P
arentStudentUseCases,com.example.datn.domain.usecase.auth.AuthUseCases,com.example.datn.domain.useca
se.progress.GetStudentDashboardUseCase,com.example.datn.domain.usecase.progress.GetStudyTimeStatisti
csUseCase,GetStudentAllLessonProgressUseCase)
    => type (EXECUTABLE constructor): (com.example.datn.domain.usecase.parentstudent.ParentStudentUs
eCases,com.example.datn.domain.usecase.auth.AuthUseCases,com.example.datn.domain.usecase.progress.Ge
tStudentDashboardUseCase,com.example.datn.domain.usecase.progress.GetStudyTimeStatisticsUseCase,GetS
tudentAllLessonProgressUseCase)void
    => type (ERROR parameter type): GetStudentAllLessonProgressUseCase

If type 'GetStudentAllLessonProgressUseCase' is a generated type, check above for compilation 
errors that may have prevented the type from being generated. Otherwise, ensure that type 
'GetStudentAllLessonProgressUseCase' is on your classpath.
e: [ksp] InjectProcessingStep was unable to process 'StudentDetailViewModel(com.example.datn.domain.
usecase.user.UserUseCases,com.example.datn.domain.usecase.classmanager.ClassUseCases,com.example.dat
n.domain.usecase.progress.GetStudentClassProgressUseCase,GetStudentClassLessonProgressUseCase,com.ex
ample.datn.presentation.common.notifications.NotificationManager)' because 
'GetStudentClassLessonProgressUseCase' could not be resolved.

Dependency trace:
    => element (CLASS): com.example.datn.presentation.teacher.studentdetail.StudentDetailViewModel
    => element (CONSTRUCTOR): StudentDetailViewModel(com.example.datn.domain.usecase.user.UserUseCas
es,com.example.datn.domain.usecase.classmanager.ClassUseCases,com.example.datn.domain.usecase.progre
ss.GetStudentClassProgressUseCase,GetStudentClassLessonProgressUseCase,com.example.datn.presentation
.common.notifications.NotificationManager)
    => type (EXECUTABLE constructor): (com.example.datn.domain.usecase.user.UserUseCases,com.example
.datn.domain.usecase.classmanager.ClassUseCases,com.example.datn.domain.usecase.progress.GetStudentC
lassProgressUseCase,GetStudentClassLessonProgressUseCase,com.example.datn.presentation.common.notifi
cations.NotificationManager)void
    => type (ERROR parameter type): GetStudentClassLessonProgressUseCase

If type 'GetStudentClassLessonProgressUseCase' is a generated type, check above for compilation 
errors that may have prevented the type from being generated. Otherwise, ensure that type 
'GetStudentClassLessonProgressUseCase' is on your classpath.
e: Error occurred in KSP, check log for detail

> Task :app:kspDebugKotlin FAILED

FAILURE: Build failed with an exception.

* What went wrong:
Execution failed for task ':app:kspDebugKotlin'.
> A failure occurred while executing 
org.jetbrains.kotlin.compilerRunner.GradleCompilerRunnerWithWorkers$GradleKotlinCompilerWorkAction
   > Compilation error. See log for more details

* Try:
> Run with --stacktrace option to get the stack trace.
> Run with --info or --debug option to get more log output.
> Run with --scan to get full insights.
> Get more help at https://help.gradle.org.

BUILD FAILED in 1m 23s
17 actionable tasks: 5 executed, 12 up-to-date
